let i_0 : field = 1;
let i'_1 : field = (i_0 : field);
let j_2 : field = 2;
let k_3 : field = (i_0 : field) * (j_2 : field);
assert (k_3 : field) == ((i'_1 : field) * (j_2 : field));
let j_4 : field = 3;
let k_5 : field = (i_0 : field) * (j_4 : field);
assert (k_5 : field) == ((i'_1 : field) * (j_4 : field));
let p_6 : field = (i_0 : field);
let l_7 : field = 1;
let p_8 : field = (p_6 : field) * (l_7 : field);
let l_9 : field = 2;
let p_10 : field = (p_8 : field) * (l_9 : field);
let i_11 : field = 2;
let i'_12 : field = (i_11 : field);
let j_13 : field = 2;
let k_14 : field = (i_11 : field) * (j_13 : field);
assert (k_14 : field) == ((i'_12 : field) * (j_13 : field));
let j_15 : field = 3;
let k_16 : field = (i_11 : field) * (j_15 : field);
assert (k_16 : field) == ((i'_12 : field) * (j_15 : field));
let p_17 : field = (i_11 : field);
let l_18 : field = 1;
let p_19 : field = (p_17 : field) * (l_18 : field);
let l_20 : field = 2;
let p_21 : field = (p_19 : field) * (l_20 : field);
