ext a_0 : field;
ext b_1 : field;
ext a_2 : field;
let a_3 : field = (a_2 : field);
let a_4 : field = (a_3 : field);
let a_5 : field = 1;
let a_6 : field = (a_5 : field);
let a_7 : field = (a_6 : field);
let a_8 : field = 2;
let a_9 : field = (a_8 : field);
let a_10 : field = (a_9 : field);
let a_11 : field = (a_10 : field);
let a_12 : field = (a_11 : field);
