let result_3 = 0;
let i_4 = 1;
let j_5 = 1;
let result_6 = result_3 + (i_4 * j_5);
let j_7 = 2;
let result_8 = result_6 + (i_4 * j_7);
let j_9 = 3;
let result_10 = result_8 + (i_4 * j_9);
let i_11 = 2;
let j_12 = 1;
let result_13 = result_10 + (i_11 * j_12);
let j_14 = 2;
let result_15 = result_13 + (i_11 * j_14);
let j_16 = 3;
let result_17 = result_15 + (i_11 * j_16);
assert result_17 == 18;
