let result_0 : field = 0;
let i_1 : field = 1;
let j_2 : field = 1;
let result_3 : field = (result_0 : field) + ((i_1 : field) * (j_2 : field));
let j_4 : field = 2;
let result_5 : field = (result_3 : field) + ((i_1 : field) * (j_4 : field));
let j_6 : field = 3;
let result_7 : field = (result_5 : field) + ((i_1 : field) * (j_6 : field));
let i_8 : field = 2;
let j_9 : field = 1;
let result_10 : field = (result_7 : field) + ((i_8 : field) * (j_9 : field));
let j_11 : field = 2;
let result_12 : field = (result_10 : field) + ((i_8 : field) * (j_11 : field));
let j_13 : field = 3;
let result_14 : field = (result_12 : field) + ((i_8 : field) * (j_13 : field));
assert (result_14 : field) == 18;
