let i'_5 = 1; let k_6 = 1 * 2; assert k_6 == (i'_5 * 2); let k_7 = 1 * 3; assert k_7 == (i'_5 * 3); let p_8 = 1; let p_9 = p_8 * 1; let p_10 = p_9 * 2; let i'_11 = 2; let k_12 = 2 * 2; assert k_12 == (i'_11 * 2); let k_13 = 2 * 3; assert k_13 == (i'_11 * 3); let p_14 = 2; let p_15 = p_14 * 1; let p_16 = p_15 * 2; p_16