Program (Statements [ELet (UniVar {_uniVarUni = Bool, _uniVarVar = ?true_4}) (EConst (UniConst Bool True)),ELet (UniVar {_uniVarUni = Bool, _uniVarVar = ?false_5}) (EConst (UniConst Bool False)),ELet (UniVar {_uniVarUni = Field, _uniVarVar = field'_6}) (EConst 0),ELet (UniVar {_uniVarUni = Vector, _uniVarVar = #vector_7}) (EConst (UniConst Vector [True]))])