Program [i_6,?i_7,#i_8] Statements [ELet (UniVar {_uniVarUni = Bool, _uniVarVar = ?bool_9}) (EVar (UniVar {_uniVarUni = Bool, _uniVarVar = ?i_7})),ELet (UniVar {_uniVarUni = Field, _uniVarVar = field'_10}) (EVar (UniVar {_uniVarUni = Field, _uniVarVar = i_6})),ELet (UniVar {_uniVarUni = Vector, _uniVarVar = #vector_11}) (EVar (UniVar {_uniVarUni = Vector, _uniVarVar = #i_8}))]