Program (Statements [ELet (UniVar {_uniVarUni = Bool, _uniVarVar = ?bool_6}) (EVar (UniVar {_uniVarUni = Bool, _uniVarVar = ?i_1})),ELet (UniVar {_uniVarUni = Field, _uniVarVar = field'_7}) (EVar (UniVar {_uniVarUni = Field, _uniVarVar = i_3})),ELet (UniVar {_uniVarUni = Vector, _uniVarVar = #vector_8}) (EVar (UniVar {_uniVarUni = Vector, _uniVarVar = #i_5}))])