let or'_0 : bool = T or T;
let and'_1 : bool = T and T;
let xor'_2 : bool = T xor T;
let feq_3 : bool = 0 == 0;
let fle_4 : bool = 0 <= 1;
let flt_5 : bool = 0 < 1;
let fge_6 : bool = 1 >= 0;
let fgt_7 : bool = 1 > 0;
let add_8 : field = 1 + 1;
let sub_9 : field = 1 - 1;
let mul_10 : field = 1 * 1;
let div_11 : field = 1 / 1;
let bat_12 : bool = {T}[0];
