Program (Statements [ELet (UniVar {_uniVarUni = Field, _uniVarVar = field'_3}) (EIf (EConst (UniConst Bool True)) (EConst 0) (EConst 0)),ELet (UniVar {_uniVarUni = Bool, _uniVarVar = ?bool_4}) (EIf (EConst (UniConst Bool True)) (EConst (UniConst Bool True)) (EConst (UniConst Bool True))),ELet (UniVar {_uniVarUni = Vector, _uniVarVar = #vector_5}) (EIf (EConst (UniConst Bool True)) (EConst (UniConst Vector [True])) (EConst (UniConst Vector [True])))])