Program [] Statements [ELet (Var "zero",BuiltIn (Some Field)) (EConst (Some 0)),ELet (Var "one",BuiltIn (Some Field)) (EConst (Some 1)),ELet (Var "two",BuiltIn (Some Field)) (EConst (Some 2)),ELet (Var "half",BuiltIn (Some Field)) (EAppBinOp Div (EConst (Some 1)) (EConst (Some 2))),ELet (Var "third",BuiltIn (Some Field)) (EAppBinOp Div (EConst (Some 1)) (EConst (Some 3)))]