Program [] Statements [ELet (Var "one",BuiltIn (Some Vector)) (EConst (Some (UniConst Vector [True]))),ELet (Var "two",BuiltIn (Some Vector)) (EConst (Some (UniConst Vector [True,False]))),ELet (Var "three",BuiltIn (Some Vector)) (EConst (Some (UniConst Vector [True,False,True]))),ELet (Var "four",BuiltIn (Some Vector)) (EConst (Some (UniConst Vector [True,False,True,False])))]