Program [] Statements [ELet (Var "one",Some Vector) (EConst (Some (UniConst Vector [True]))),ELet (Var "two",Some Vector) (EConst (Some (UniConst Vector [True,False]))),ELet (Var "three",Some Vector) (EConst (Some (UniConst Vector [True,False,True]))),ELet (Var "four",Some Vector) (EConst (Some (UniConst Vector [True,False,True,False])))]