Program (Statements [EAssert (EAppBinOp Xor (EAppBinOp FEq (EAppBinOp Sub (EAppBinOp Mul (EVar (Var "a")) (EVar (Var "b"))) (EAppBinOp Mul (EVar (Var "c")) (EVar (Var "d")))) (EAppBinOp Add (EAppBinOp Div (EVar (Var "e")) (EVar (Var "f"))) (EAppBinOp Div (EVar (Var "g")) (EVar (Var "h"))))) (EAppBinOp FGe (EAppBinOp Sub (EAppBinOp Mul (EVar (Var "a")) (EVar (Var "b"))) (EAppBinOp Mul (EVar (Var "c")) (EVar (Var "d")))) (EAppBinOp Add (EAppBinOp Div (EVar (Var "e")) (EVar (Var "f"))) (EAppBinOp Div (EVar (Var "g")) (EVar (Var "h"))))))])