EStatement (EFor (Var "i") (EConst (CInt 1)) (EConst (CInt 2)) [ELet (Var "i'") (EVar (Var "i")),EFor (Var "j") (EConst (CInt 2)) (EConst (CInt 3)) [ELet (Var "k") (EAppBinOp Mul (EVar (Var "i")) (EVar (Var "j"))),EAssert (EAppBinOp FEq (EVar (Var "k")) (EAppBinOp Mul (EVar (Var "i'")) (EVar (Var "j"))))],ELet (Var "p") (EVar (Var "i")),EFor (Var "l") (EConst (CInt 1)) (EConst (CInt 2)) [ELet (Var "p") (EAppBinOp Mul (EVar (Var "p")) (EVar (Var "l")))]]) (EVar (Var "p"))